Archive member included because of file (symbol)

/home/at91/gnutools/arm-elf/bin/../lib/gcc-lib/arm-elf/3.2.1/libgcc.a(_udivsi3.o)
                              src/dataflash.o (__udivsi3)
/home/at91/gnutools/arm-elf/bin/../lib/gcc-lib/arm-elf/3.2.1/libgcc.a(_umodsi3.o)
                              src/dataflash.o (__umodsi3)

Memory Configuration

Name             Origin             Length             Attributes
*default*        0x00000000         0xffffffff

Linker script and memory map

                0x00000000                . = 0x0
                0x00000000                . = ALIGN (0x4)

.text           0x00000000     0x1ee4
 src/start.o(.text)
 .text          0x00000000      0x3a0 src/start.o
                0x00000048                _bss_start
                0x0000004c                _bss_end
                0x00000044                _armboot_start
                0x00000000                _start
                0x00000380                reset_cpu
 *(.text)
 .text          0x000003a0      0x6a0 src/board.o
                0x00000a24                hang
                0x000004b0                hexdump
                0x000003a0                uintprint
                0x00000700                start_armboot
                0x00000538                inl
                0x00000598                try_configure_sdram
                0x00000540                memory_test
                0x00000430                hexprint
                0x00000530                outl
 .text          0x00000a40      0x154 src/serial.o
                0x00000b5c                getc
                0x00000b10                puts
                0x00000a40                serial_setbrg
                0x00000b7c                tstc
                0x00000acc                putc
                0x00000a5c                serial_init
 .text          0x00000b94      0x158 src/xmodem.o
                0x00000ca0                crc16_ccitt
                0x00000b94                rxmodem
 .text          0x00000cec      0xd34 src/dataflash.o
                0x000016a4                AT91F_DataflashInit
                0x000019a4                dataflash_perror
                0x000010bc                AT91F_DataFlashPagePgmBuf
                0x00001810                AT91F_DataflashSelect
                0x00001054                AT91F_DataFlashContinuousRead
                0x00001308                AT91F_WriteBufferToMain
                0x00001004                AT91F_DataFlashWaitReady
                0x000012cc                AT91F_BlockErase
                0x000015d0                AT91F_DataFlashRead
                0x00000f90                AT91F_DataFlashGetStatus
                0x00001784                dataflash_print_info
                0x00001824                addr_dataflash
                0x00001294                AT91F_PageErase
                0x0000110c                AT91F_MainMemoryToBufferTransfert
                0x0000185c                size_dataflash
                0x00001674                AT91F_DataflashProbe
                0x00000d70                AT91F_SpiWrite
                0x0000116c                AT91F_DataFlashWriteBuffer
                0x0000143c                AT91F_DataFlashWrite
                0x00000d44                AT91F_SpiEnable
                0x00000e54                AT91F_DataFlashSendCommand
                0x00001914                write_dataflash
                0x00001364                AT91F_PartialPageWrite
                0x0000188c                read_dataflash
                0x00000cec                AT91F_SpiInit
 .text          0x00001a20        0xc src/div0.o
                0x00001a20                __div0
 .text          0x00001a2c      0x360 src/interrupts.o
                0x00001c58                set_timer
                0x00001c30                reset_timer
                0x00001b54                do_fiq
                0x00001bac                interrupt_init
                0x00001a60                do_undefined_instruction
                0x00001a5c                show_regs
                0x00001b80                do_irq
                0x00001d80                get_tbclk
                0x00001c3c                get_timer
                0x00001c74                reset_timer_masked
                0x00001a38                bad_mode
                0x00001cac                get_timer_masked
                0x00001c68                udelay
                0x00001d1c                udelay_masked
                0x00001ab8                do_prefetch_abort
                0x00001d64                get_ticks
                0x00001a30                disable_interrupts
                0x00001b28                do_not_used
                0x00001ae4                do_data_abort
                0x00001a8c                do_software_interrupt
                0x00001a2c                enable_interrupts
 .text          0x00001d8c       0x98 /home/at91/gnutools/arm-elf/bin/../lib/gcc-lib/arm-elf/3.2.1/libgcc.a(_udivsi3.o)
                0x00001d8c                __udivsi3
 .text          0x00001e24       0xc0 /home/at91/gnutools/arm-elf/bin/../lib/gcc-lib/arm-elf/3.2.1/libgcc.a(_umodsi3.o)
                0x00001e24                __umodsi3

.glue_7         0x00001ee4        0x0

.glue_7t        0x00001ee4        0x0
                0x00001ee4                . = ALIGN (0x4)

.rodata         0x00001ee4      0x274
 *(.rodata)
 .rodata        0x00001ee4       0x74 src/board.o
                0x00001ee4                ONE_MBYTES
 .rodata        0x00001f58      0x200 src/xmodem.o

.rodata.str1.4  0x00002158      0x3fb
 .rodata.str1.4
                0x00002158      0x24e src/board.o
                                0x254 (size before relaxing)
 *fill*         0x000023a6        0x2 00
 .rodata.str1.4
                0x000023a8       0x1b src/xmodem.o
                                 0x1c (size before relaxing)
 *fill*         0x000023c3        0x1 00
 .rodata.str1.4
                0x000023c4       0xfc src/dataflash.o
 .rodata.str1.4
                0x000024c0       0x93 src/interrupts.o
                                 0x98 (size before relaxing)
                0x00002554                . = ALIGN (0x4)

.data           0x00002554        0x4
 *(.data)
 .data          0x00002554        0x4 src/serial.o
                0x00002554                us
                0x00002558                . = ALIGN (0x4)

.got
 *(.got)
                0x00002558                . = ALIGN (0x4)
                0x00002558                __bss_start = .

.bss            0x00002558       0x8c
 *(.bss)
 .bss           0x00002558       0x80 src/dataflash.o
                0x00002558                dataflash_info
 .bss           0x000025d8        0xc src/interrupts.o
                0x000025d8                tmr
                0x000025e4                _end = .
Address of section .text set to 0x0
LOAD src/start.o
LOAD src/board.o
LOAD src/serial.o
LOAD src/xmodem.o
LOAD src/dataflash.o
LOAD src/div0.o
LOAD src/interrupts.o
START GROUP
LOAD /home/at91/gnutools/arm-elf/bin/../lib/gcc-lib/arm-elf/3.2.1/libgcc.a
END GROUP
OUTPUT(loader elf32-littlearm)

.stab           0x00000000      0x2dc
 .stab          0x00000000      0x2dc src/start.o

.stabstr        0x00000000       0x4a
 .stabstr       0x00000000       0x4a src/start.o
                                  0x0 (size before relaxing)

.debug_abbrev   0x00000000      0x85e
 .debug_abbrev  0x00000000      0x1ac src/board.o
 .debug_abbrev  0x000001ac      0x16b src/serial.o
 .debug_abbrev  0x00000317      0x144 src/xmodem.o
 .debug_abbrev  0x0000045b      0x210 src/dataflash.o
 .debug_abbrev  0x0000066b       0x3a src/div0.o
 .debug_abbrev  0x000006a5      0x1b9 src/interrupts.o

.debug_info     0x00000000     0x615d
 .debug_info    0x00000000     0x1672 src/board.o
 .debug_info    0x00001672     0x1293 src/serial.o
 .debug_info    0x00002905      0x835 src/xmodem.o
 .debug_info    0x0000313a     0x1b48 src/dataflash.o
 .debug_info    0x00004c82       0x44 src/div0.o
 .debug_info    0x00004cc6     0x1497 src/interrupts.o

.debug_line     0x00000000     0x1fae
 .debug_line    0x00000000      0x739 src/board.o
 .debug_line    0x00000739      0x2cf src/serial.o
 .debug_line    0x00000a08      0x310 src/xmodem.o
 .debug_line    0x00000d18      0xd4d src/dataflash.o
 .debug_line    0x00001a65       0x5c src/div0.o
 .debug_line    0x00001ac1      0x4ed src/interrupts.o

.debug_frame    0x00000000      0x73c
 .debug_frame   0x00000000      0x110 src/board.o
 .debug_frame   0x00000110       0xa0 src/serial.o
 .debug_frame   0x000001b0       0x48 src/xmodem.o
 .debug_frame   0x000001f8      0x2f4 src/dataflash.o
 .debug_frame   0x000004ec       0x28 src/div0.o
 .debug_frame   0x00000514      0x228 src/interrupts.o

.debug_pubnames
                0x00000000      0x564
 .debug_pubnames
                0x00000000       0x9c src/board.o
 .debug_pubnames
                0x0000009c       0x5f src/serial.o
 .debug_pubnames
                0x000000fb       0x2e src/xmodem.o
 .debug_pubnames
                0x00000129      0x293 src/dataflash.o
 .debug_pubnames
                0x000003bc       0x1d src/div0.o
 .debug_pubnames
                0x000003d9      0x18b src/interrupts.o

.debug_aranges  0x00000000       0xc0
 .debug_aranges
                0x00000000       0x20 src/board.o
 .debug_aranges
                0x00000020       0x20 src/serial.o
 .debug_aranges
                0x00000040       0x20 src/xmodem.o
 .debug_aranges
                0x00000060       0x20 src/dataflash.o
 .debug_aranges
                0x00000080       0x20 src/div0.o
 .debug_aranges
                0x000000a0       0x20 src/interrupts.o

.debug_str      0x00000000     0x10f1
 .debug_str     0x00000000      0xbe8 src/board.o
                                0xdb4 (size before relaxing)
 .debug_str     0x00000be8       0x3b src/serial.o
                                0xb36 (size before relaxing)
 .debug_str     0x00000c23       0x41 src/xmodem.o
                                0x5aa (size before relaxing)
 .debug_str     0x00000c64      0x340 src/dataflash.o
                               0x1051 (size before relaxing)
 .debug_str     0x00000fa4       0x12 src/div0.o
                                 0x4f (size before relaxing)
 .debug_str     0x00000fb6      0x13b src/interrupts.o
                                0xc53 (size before relaxing)

.comment        0x00000000       0x6c
 .comment       0x00000000       0x12 src/board.o
 .comment       0x00000012       0x12 src/serial.o
 .comment       0x00000024       0x12 src/xmodem.o
 .comment       0x00000036       0x12 src/dataflash.o
 .comment       0x00000048       0x12 src/div0.o
 .comment       0x0000005a       0x12 src/interrupts.o
